Microchip MPLAB XC8 Compiler V1.21 ()

Linker command line:

--edf=C:\Program Files\Microchip\xc8\v1.21\dat\en_msgs.txt -cs \
  -h+dist/default/production\UART_pic16f876a.X.production.sym \
  --cmf=dist/default/production\UART_pic16f876a.X.production.cmf -z \
  -Q16F876A -oC:\Users\ANDREE~1\AppData\Local\Temp\sjc.6 \
  -Mdist/default/production/UART_pic16f876a.X.production.map -E1 -ver=XC8 \
  -ACONST=00h-0FFhx32 -ACODE=00h-07FFhx4 -ASTRCODE=00h-01FFFh \
  -AENTRY=00h-0FFhx32 -ASTRING=00h-0FFhx32 -ACOMMON=070h-07Fh \
  -ABANK0=020h-06Fh -ABANK1=0A0h-0EFh -ABANK2=0110h-016Fh \
  -ABANK3=0190h-01EFh -ARAM=020h-06Fh,0A0h-0EFh,0110h-016Fh,0190h-01EFh \
  -AABS1=020h-07Fh,0A0h-0EFh,0110h-016Fh,0190h-01EFh -ASFR0=00h-01Fh \
  -ASFR1=080h-09Fh -ASFR2=0100h-010Fh -ASFR3=0180h-018Fh \
  -preset_vec=00h,intentry,init,end_init -ppowerup=CODE -pcinit=CODE \
  -pfunctab=CODE -ACONFIG=02007h-02007h -pconfig=CONFIG -DCONFIG=2 \
  -AIDLOC=02000h-02003h -pidloc=IDLOC -DIDLOC=2 -AEEDATA=00h-0FFh/02100h \
  -peeprom_data=EEDATA -DEEDATA=2 -DCODE=2 -DSTRCODE=2 -DSTRING=2 -DCONST=2 \
  -DENTRY=2 -k C:\Users\ANDREE~1\AppData\Local\Temp\sjc.obj \
  dist/default/production\UART_pic16f876a.X.production.obj 

Object code version is 3.11

Machine type is 16F876A



                Name                               Link     Load   Length Selector   Space Scale
C:\Users\ANDREE~1\AppData\Local\Temp\sjc.obj
                end_init                              0        0        3        0       0
                config                             2007     2007        1     400E       0
dist/default/production\UART_pic16f876a.X.production.obj
                cinit                               7EB      7EB       15      FD6       0
                text9                               5AF      5AF       32      B5E       0
                text8                               54F      54F       11      A9E       0
                text7                               653      653       3F      CA6       0
                text6                               544      544        B      A88       0
                text5                               692      692       61      D24       0
                text4                               615      615       3E      C2A       0
                text3                               5E1      5E1       34      BC2       0
                text2                               76D      76D       7E      EDA       0
                text1                               585      585       2A      B0A       0
                maintext                            6F3      6F3       7A      DE6       0
                cstackBANK0                          20       20       2F       20       1
                cstackCOMMON                         70       70        E       70       1
                inittext                            560      560       11      AC0       0
                dataBANK0                            4F       4F       14       20       1
                bssBANK0                             63       63        5       20       1
                idataBANK0                          571      571       14      AE2       0

TOTAL           Name                               Link     Load   Length     Space
        CLASS   CONST          

        CLASS   CODE           
                end_init                              0        0        3         0
                cinit                               7EB      7EB       15         0
                text9                               5AF      5AF       32         0
                text8                               54F      54F       11         0
                text7                               653      653       3F         0
                text6                               544      544        B         0
                text5                               692      692       61         0
                text4                               615      615       3E         0
                text3                               5E1      5E1       34         0
                text2                               76D      76D       7E         0
                text1                               585      585       2A         0
                maintext                            6F3      6F3       7A         0
                inittext                            560      560       11         0
                idataBANK0                          571      571       14         0

        CLASS   STRCODE        

        CLASS   ENTRY          

        CLASS   STRING         

        CLASS   COMMON         
                cstackCOMMON                         70       70        E         1

        CLASS   BANK0          
                cstackBANK0                          20       20       2F         1
                dataBANK0                            4F       4F       14         1
                bssBANK0                             63       63        5         1

        CLASS   BANK1          

        CLASS   BANK2          

        CLASS   BANK3          

        CLASS   RAM            

        CLASS   ABS1           
                abs_s1                               7E       7E        2         1

        CLASS   SFR0           

        CLASS   SFR1           

        CLASS   SFR2           

        CLASS   SFR3           

        CLASS   CONFIG         
                config                             2007     2007        1         0

        CLASS   IDLOC          

        CLASS   EEDATA         



SEGMENTS        Name                           Load    Length   Top    Selector   Space  Class     Delta

                reset_vec                      000000  000003  000003         0       0  CODE        2
                cstackBANK0                    000020  000048  000068        20       1  BANK0       1
                cstackCOMMON                   000070  00000E  00007E        70       1  COMMON      1
                text6                          000544  00000B  00054F       A88       0  CODE        2
                text8                          00054F  000011  000560       A9E       0  CODE        2
                inittext                       000560  000011  000571       AC0       0  CODE        2
                idataBANK0                     000571  000014  000585       AE2       0  CODE        2
                text1                          000585  00002A  0005AF       B0A       0  CODE        2
                text9                          0005AF  000032  0005E1       B5E       0  CODE        2
                text3                          0005E1  000034  000615       BC2       0  CODE        2
                text4                          000615  00003E  000653       C2A       0  CODE        2
                text7                          000653  00003F  000692       CA6       0  CODE        2
                text5                          000692  000061  0006F3       D24       0  CODE        2
                maintext                       0006F3  00007A  00076D       DE6       0  CODE        2
                text2                          00076D  00007E  0007EB       EDA       0  CODE        2
                cinit                          0007EB  000015  000800       FD6       0  CODE        2
                config                         002007  000001  002008      400E       0  CONFIG      2


UNUSED ADDRESS RANGES

        Name                Unused          Largest block    Delta
        BANK0            0068-006F              8           1
        BANK1            00A0-00EF             50           1
        BANK2            0110-016F             60           1
        BANK3            0190-01EF             60           1
        CODE             0003-0543            541           2
                         0800-1FFF            800
        CONST            0003-0543            100           2
                         0800-1FFF            100
        EEDATA           2100-21FF            100           2
        ENTRY            0003-0543            100           2
                         0800-1FFF            100
        IDLOC            2000-2003              4           2
        RAM              0068-006F              8           1
                         00A0-00EF             50
                         0110-016F             60
                         0190-01EF             60
        SFR0             0000-001F             20           1
        SFR1             0080-009F             20           1
        SFR2             0100-010F             10           1
        SFR3             0180-018F             10           1
        STRCODE          0003-0543            541           2
                         0800-1FFF           1800
        STRING           0003-0543            100           2
                         0800-1FFF            100

                                  Symbol Table

?___lmul                 cstackCOMMON 0070
?___lwdiv                cstackCOMMON 0070
?___lwmod                cstackCOMMON 0070
?_itoa                   cstackBANK0  0024
?_rand                   cstackBANK0  0020
?_srand                  cstackCOMMON 0070
?_utoa                   cstackCOMMON 0078
_RCSTAbits               (abs)        0018
_SPBRG                   (abs)        0099
_TRISB                   (abs)        0086
_TRISCbits               (abs)        0087
_TXIE                    (abs)        0464
_TXIF                    (abs)        0064
_TXREG                   (abs)        0019
_TXSTAbits               (abs)        0098
__CFG_BOREN$OFF          (abs)        0000
__CFG_CP$OFF             (abs)        0000
__CFG_CPD$OFF            (abs)        0000
__CFG_FOSC$HS            (abs)        0000
__CFG_LVP$OFF            (abs)        0000
__CFG_PWRTE$OFF          (abs)        0000
__CFG_WDTE$OFF           (abs)        0000
__CFG_WRT$OFF            (abs)        0000
__Habs1                  abs1         0000
__Hbank0                 bank0        0000
__Hbank1                 bank1        0000
__Hbank2                 bank2        0000
__Hbank3                 bank3        0000
__HbssBANK0              bssBANK0     0000
__Hcinit                 cinit        0800
__Hclrtext               clrtext      0000
__Hcode                  code         0000
__Hcommon                common       0000
__Hconfig                config       2008
__HcstackBANK0           cstackBANK0  0000
__HcstackCOMMON          cstackCOMMON 0000
__HdataBANK0             dataBANK0    0000
__Heeprom_data           eeprom_data  0000
__Hend_init              end_init     0003
__Hfunctab               functab      0000
__HidataBANK0            idataBANK0   0000
__Hidloc                 idloc        0000
__Hinit                  init         0000
__Hinittext              inittext     0000
__Hintentry              intentry     0000
__Hmaintext              maintext     0000
__Hpowerup               powerup      0000
__Hram                   ram          0000
__Hreset_vec             reset_vec    0000
__Hsfr0                  sfr0         0000
__Hsfr1                  sfr1         0000
__Hsfr2                  sfr2         0000
__Hsfr3                  sfr3         0000
__Hstrings               strings      0000
__Htext                  text         0000
__Labs1                  abs1         0000
__Lbank0                 bank0        0000
__Lbank1                 bank1        0000
__Lbank2                 bank2        0000
__Lbank3                 bank3        0000
__LbssBANK0              bssBANK0     0000
__Lcinit                 cinit        07EB
__Lclrtext               clrtext      0000
__Lcode                  code         0000
__Lcommon                common       0000
__Lconfig                config       2007
__LcstackBANK0           cstackBANK0  0000
__LcstackCOMMON          cstackCOMMON 0000
__LdataBANK0             dataBANK0    0000
__Leeprom_data           eeprom_data  0000
__Lend_init              end_init     0000
__Lfunctab               functab      0000
__LidataBANK0            idataBANK0   0000
__Lidloc                 idloc        0000
__Linit                  init         0000
__Linittext              inittext     0000
__Lintentry              intentry     0000
__Lmaintext              maintext     0000
__Lpowerup               powerup      0000
__Lram                   ram          0000
__Lreset_vec             reset_vec    0000
__Lsfr0                  sfr0         0000
__Lsfr1                  sfr1         0000
__Lsfr2                  sfr2         0000
__Lsfr3                  sfr3         0000
__Lstrings               strings      0000
__Ltext                  text         0000
__S0                     (abs)        2008
__S1                     (abs)        007E
__S3                     (abs)        0000
___latbits               (abs)        0002
___lmul                  text7        0653
___lmul@multiplicand     cstackCOMMON 0074
___lmul@multiplier       cstackCOMMON 0070
___lmul@product          cstackCOMMON 0079
___lwdiv                 text4        0615
___lwdiv@counter         cstackCOMMON 0077
___lwdiv@dividend        cstackCOMMON 0072
___lwdiv@divisor         cstackCOMMON 0070
___lwdiv@quotient        cstackCOMMON 0075
___lwmod                 text3        05E1
___lwmod@counter         cstackCOMMON 0075
___lwmod@dividend        cstackCOMMON 0072
___lwmod@divisor         cstackCOMMON 0070
__end_of___lmul          text7        0692
__end_of___lwdiv         text4        0653
__end_of___lwmod         text3        0615
__end_of__initialization cinit        07FC
__end_of_delay           text9        05E1
__end_of_init_UART       text8        0560
__end_of_itoa            text1        05AF
__end_of_main            maintext     076D
__end_of_rand            text5        06F3
__end_of_srand           text6        054F
__end_of_utoa            text2        07EB
__initialization         cinit        07EB
__pbssBANK0              bssBANK0     0063
__pcstackBANK0           cstackBANK0  0020
__pcstackCOMMON          cstackCOMMON 0070
__pdataBANK0             dataBANK0    004F
__pidataBANK0            idataBANK0   0571
__pmaintext              maintext     06F3
__ptext1                 text1        0585
__ptext2                 text2        076D
__ptext3                 text3        05E1
__ptext4                 text4        0615
__ptext5                 text5        0692
__ptext6                 text6        0544
__ptext7                 text7        0653
__ptext8                 text8        054F
__ptext9                 text9        05AF
__size_of___lmul         (abs)        0000
__size_of___lwdiv        (abs)        0000
__size_of___lwmod        (abs)        0000
__size_of_delay          (abs)        0000
__size_of_init_UART      (abs)        0000
__size_of_itoa           (abs)        0000
__size_of_main           (abs)        0000
__size_of_rand           (abs)        0000
__size_of_srand          (abs)        0000
__size_of_utoa           (abs)        0000
_delay                   text9        05AF
_init_UART               text8        054F
_itoa                    text1        0585
_main                    maintext     06F3
_rand                    text5        0692
_randf                   bssBANK0     0067
_randx                   bssBANK0     0063
_srand                   text6        0544
_utoa                    text2        076D
btemp                    (abs)        007E
delay@i                  cstackCOMMON 0070
delay@j                  cstackCOMMON 0072
end_of_initialization    cinit        07FC
init_fetch0              inittext     0560
init_ram0                inittext     0564
intlevel0                functab      0000
intlevel1                functab      0000
intlevel2                functab      0000
intlevel3                functab      0000
intlevel4                functab      0000
intlevel5                functab      0000
itoa@base                cstackBANK0  0026
itoa@buf                 cstackBANK0  0029
itoa@cp                  cstackBANK0  0028
itoa@val                 cstackBANK0  0024
main@F1112               dataBANK0    004F
main@buf                 cstackBANK0  0043
main@i                   cstackBANK0  004B
main@j                   cstackBANK0  004D
main@text                cstackBANK0  002F
reset_vec                reset_vec    0000
srand@x                  cstackCOMMON 0070
start                    init         0000
start_initialization     cinit        07EB
utoa@base                cstackCOMMON 007A
utoa@buf                 cstackBANK0  0023
utoa@c                   cstackBANK0  0022
utoa@v                   cstackBANK0  0020
utoa@val                 cstackCOMMON 0078
wtemp0                   (abs)        007E


FUNCTION INFORMATION:

 *************** function _main *****************
 Defined at:
		line 46 in file "main.c"
 Parameters:    Size  Location     Type
		None
 Auto vars:     Size  Location     Type
  text           20   15[BANK0 ] unsigned char [20]
  buf             8   35[BANK0 ] unsigned char [8]
  j               2   45[BANK0 ] int 
  i               2   43[BANK0 ] int 
 Return value:  Size  Location     Type
		None               void
 Registers used:
		wreg, fsr0l, fsr0h, status,2, status,0, btemp+1, pclath, cstack
 Tracked objects:
		On entry : 
		On exit  : 
		Unchanged: 
 Data sizes:     COMMON   BANK0   BANK1   BANK3   BANK2
      Params:         0       0       0       0       0
      Locals:         0      32       0       0       0
      Temps:          0       4       0       0       0
      Totals:         0      36       0       0       0
Total ram usage:       36 bytes
 Hardware stack levels required when called:    3
 This function calls:
		_delay
		_init_UART
		_rand
		_itoa
 This function is called by:
		Startup code after reset
 This function uses a non-reentrant model


 *************** function _itoa *****************
 Defined at:
		line 5 in file "C:\Program Files\Microchip\xc8\v1.21\sources\common\itoa.c"
 Parameters:    Size  Location     Type
  buf             1    wreg     PTR unsigned char 
		 -> main@buf(8), 
  val             2    4[BANK0 ] int 
  base            2    6[BANK0 ] int 
 Auto vars:     Size  Location     Type
  buf             1    9[BANK0 ] PTR unsigned char 
		 -> main@buf(8), 
  cp              1    8[BANK0 ] PTR unsigned char 
		 -> main@buf(8), 
 Return value:  Size  Location     Type
                  1    wreg      PTR unsigned char 
 Registers used:
		wreg, fsr0l, fsr0h, status,2, status,0, pclath, cstack
 Tracked objects:
		On entry : 
		On exit  : 
		Unchanged: 
 Data sizes:     COMMON   BANK0   BANK1   BANK3   BANK2
      Params:         0       4       0       0       0
      Locals:         0       2       0       0       0
      Temps:          1       0       0       0       0
      Totals:         1       6       0       0       0
Total ram usage:        7 bytes
 Hardware stack levels used:    1
 Hardware stack levels required when called:    2
 This function calls:
		_utoa
 This function is called by:
		_main
 This function uses a non-reentrant model


 *************** function _utoa *****************
 Defined at:
		line 18 in file "C:\Program Files\Microchip\xc8\v1.21\sources\common\itoa.c"
 Parameters:    Size  Location     Type
  buf             1    wreg     PTR unsigned char 
		 -> main@buf(8), 
  val             2    8[COMMON] unsigned int 
  base            2   10[COMMON] int 
 Auto vars:     Size  Location     Type
  buf             1    3[BANK0 ] PTR unsigned char 
		 -> main@buf(8), 
  v               2    0[BANK0 ] unsigned int 
  c               1    2[BANK0 ] unsigned char 
 Return value:  Size  Location     Type
                  1    wreg      PTR unsigned char 
 Registers used:
		wreg, fsr0l, fsr0h, status,2, status,0, pclath, cstack
 Tracked objects:
		On entry : 
		On exit  : 
		Unchanged: 
 Data sizes:     COMMON   BANK0   BANK1   BANK3   BANK2
      Params:         4       0       0       0       0
      Locals:         0       4       0       0       0
      Temps:          1       0       0       0       0
      Totals:         5       4       0       0       0
Total ram usage:        9 bytes
 Hardware stack levels used:    1
 Hardware stack levels required when called:    1
 This function calls:
		___lwdiv
		___lwmod
 This function is called by:
		_itoa
 This function uses a non-reentrant model


 *************** function ___lwmod *****************
 Defined at:
		line 5 in file "C:\Program Files\Microchip\xc8\v1.21\sources\pic\lwmod.c"
 Parameters:    Size  Location     Type
  divisor         2    0[COMMON] unsigned int 
  dividend        2    2[COMMON] unsigned int 
 Auto vars:     Size  Location     Type
  counter         1    5[COMMON] unsigned char 
 Return value:  Size  Location     Type
                  2    0[COMMON] unsigned int 
 Registers used:
		wreg, status,2, status,0
 Tracked objects:
		On entry : 
		On exit  : 
		Unchanged: 
 Data sizes:     COMMON   BANK0   BANK1   BANK3   BANK2
      Params:         4       0       0       0       0
      Locals:         1       0       0       0       0
      Temps:          1       0       0       0       0
      Totals:         6       0       0       0       0
Total ram usage:        6 bytes
 Hardware stack levels used:    1
 This function calls:
		Nothing
 This function is called by:
		_utoa
 This function uses a non-reentrant model


 *************** function ___lwdiv *****************
 Defined at:
		line 5 in file "C:\Program Files\Microchip\xc8\v1.21\sources\pic\lwdiv.c"
 Parameters:    Size  Location     Type
  divisor         2    0[COMMON] unsigned int 
  dividend        2    2[COMMON] unsigned int 
 Auto vars:     Size  Location     Type
  quotient        2    5[COMMON] unsigned int 
  counter         1    7[COMMON] unsigned char 
 Return value:  Size  Location     Type
                  2    0[COMMON] unsigned int 
 Registers used:
		wreg, status,2, status,0
 Tracked objects:
		On entry : 
		On exit  : 
		Unchanged: 
 Data sizes:     COMMON   BANK0   BANK1   BANK3   BANK2
      Params:         4       0       0       0       0
      Locals:         3       0       0       0       0
      Temps:          1       0       0       0       0
      Totals:         8       0       0       0       0
Total ram usage:        8 bytes
 Hardware stack levels used:    1
 This function calls:
		Nothing
 This function is called by:
		_utoa
 This function uses a non-reentrant model


 *************** function _rand *****************
 Defined at:
		line 14 in file "C:\Program Files\Microchip\xc8\v1.21\sources\common\rand.c"
 Parameters:    Size  Location     Type
		None
 Auto vars:     Size  Location     Type
		None
 Return value:  Size  Location     Type
                  2    0[BANK0 ] int 
 Registers used:
		wreg, status,2, status,0, pclath, cstack
 Tracked objects:
		On entry : 
		On exit  : 
		Unchanged: 
 Data sizes:     COMMON   BANK0   BANK1   BANK3   BANK2
      Params:         0       2       0       0       0
      Locals:         0       0       0       0       0
      Temps:          0       9       0       0       0
      Totals:         0      11       0       0       0
Total ram usage:       11 bytes
 Hardware stack levels used:    1
 Hardware stack levels required when called:    1
 This function calls:
		___lmul
		_srand
 This function is called by:
		_main
 This function uses a non-reentrant model


 *************** function _srand *****************
 Defined at:
		line 8 in file "C:\Program Files\Microchip\xc8\v1.21\sources\common\rand.c"
 Parameters:    Size  Location     Type
  x               2    0[COMMON] unsigned int 
 Auto vars:     Size  Location     Type
		None
 Return value:  Size  Location     Type
		None               void
 Registers used:
		wreg
 Tracked objects:
		On entry : 
		On exit  : 
		Unchanged: 
 Data sizes:     COMMON   BANK0   BANK1   BANK3   BANK2
      Params:         2       0       0       0       0
      Locals:         0       0       0       0       0
      Temps:          0       0       0       0       0
      Totals:         2       0       0       0       0
Total ram usage:        2 bytes
 Hardware stack levels used:    1
 This function calls:
		Nothing
 This function is called by:
		_rand
 This function uses a non-reentrant model


 *************** function ___lmul *****************
 Defined at:
		line 3 in file "C:\Program Files\Microchip\xc8\v1.21\sources\pic\lmul.c"
 Parameters:    Size  Location     Type
  multiplier      4    0[COMMON] unsigned long 
  multiplicand    4    4[COMMON] unsigned long 
 Auto vars:     Size  Location     Type
  product         4    9[COMMON] unsigned long 
 Return value:  Size  Location     Type
                  4    0[COMMON] unsigned long 
 Registers used:
		wreg, status,2, status,0
 Tracked objects:
		On entry : 
		On exit  : 
		Unchanged: 
 Data sizes:     COMMON   BANK0   BANK1   BANK3   BANK2
      Params:         8       0       0       0       0
      Locals:         4       0       0       0       0
      Temps:          1       0       0       0       0
      Totals:        13       0       0       0       0
Total ram usage:       13 bytes
 Hardware stack levels used:    1
 This function calls:
		Nothing
 This function is called by:
		_rand
 This function uses a non-reentrant model


 *************** function _init_UART *****************
 Defined at:
		line 76 in file "main.c"
 Parameters:    Size  Location     Type
		None
 Auto vars:     Size  Location     Type
		None
 Return value:  Size  Location     Type
		None               void
 Registers used:
		wreg
 Tracked objects:
		On entry : 
		On exit  : 
		Unchanged: 
 Data sizes:     COMMON   BANK0   BANK1   BANK3   BANK2
      Params:         0       0       0       0       0
      Locals:         0       0       0       0       0
      Temps:          0       0       0       0       0
      Totals:         0       0       0       0       0
Total ram usage:        0 bytes
 Hardware stack levels used:    1
 This function calls:
		Nothing
 This function is called by:
		_main
 This function uses a non-reentrant model


 *************** function _delay *****************
 Defined at:
		line 34 in file "main.c"
 Parameters:    Size  Location     Type
		None
 Auto vars:     Size  Location     Type
  j               2    2[COMMON] short 
  i               2    0[COMMON] short 
  k               2    0        short 
 Return value:  Size  Location     Type
		None               void
 Registers used:
		wreg, status,2, btemp+1
 Tracked objects:
		On entry : 
		On exit  : 
		Unchanged: 
 Data sizes:     COMMON   BANK0   BANK1   BANK3   BANK2
      Params:         0       0       0       0       0
      Locals:         4       0       0       0       0
      Temps:          0       0       0       0       0
      Totals:         4       0       0       0       0
Total ram usage:        4 bytes
 Hardware stack levels used:    1
 This function calls:
		Nothing
 This function is called by:
		_main
 This function uses a non-reentrant model



MODULE INFORMATION

Module		Function		Class		Link	Load	Size
C:\Program Files\Microchip\xc8\v1.21\sources\pic\lwmod.c
		___lwmod       		CODE           	05E1	0000	52

C:\Program Files\Microchip\xc8\v1.21\sources\pic\lwmod.c estimated size: 52

C:\Program Files\Microchip\xc8\v1.21\sources\pic\lwdiv.c
		___lwdiv       		CODE           	0615	0000	62

C:\Program Files\Microchip\xc8\v1.21\sources\pic\lwdiv.c estimated size: 62

C:\Program Files\Microchip\xc8\v1.21\sources\common\rand.c
		_srand         		CODE           	0544	0000	11
		_rand          		CODE           	0692	0000	97

C:\Program Files\Microchip\xc8\v1.21\sources\common\rand.c estimated size: 108

C:\Program Files\Microchip\xc8\v1.21\sources\pic\lmul.c
		___lmul        		CODE           	0653	0000	63

C:\Program Files\Microchip\xc8\v1.21\sources\pic\lmul.c estimated size: 63

shared
		__initializatio		CODE           	07EB	0000	17

shared estimated size: 17

C:\Program Files\Microchip\xc8\v1.21\sources\common\itoa.c
		_itoa          		CODE           	0585	0000	42
		_utoa          		CODE           	076D	0000	126

C:\Program Files\Microchip\xc8\v1.21\sources\common\itoa.c estimated size: 168

main.c
		_delay         		CODE           	05AF	0000	50
		_main          		CODE           	06F3	0000	122
		_init_UART     		CODE           	054F	0000	17

main.c estimated size: 189

