Microchip MPLAB XC8 Compiler V1.32 ()

Linker command line:

--edf=D:\Program Files\Microchip\xc8\v1.32\dat\en_msgs.txt -cs \
  -h+dist/default/production\WriteFlashAndUART.X.production.sym \
  --cmf=dist/default/production\WriteFlashAndUART.X.production.cmf -z \
  -Q16F1503 -oC:\Users\Eduard\AppData\Local\Temp\s18o.6 \
  -Mdist/default/production/WriteFlashAndUART.X.production.map -E1 -ver=XC8 \
  -ASTACK=0205Dh-0206fh -pstack=STACK -ACONST=00h-0FFhx8 -ACODE=00h-07FFh \
  -ASTRCODE=00h-07FFh -AENTRY=00h-0FFhx8 -ASTRING=00h-0FFhx8 \
  -ACOMMON=070h-07Fh -ABANK0=020h-06Fh -ABANK1=0A0h-0BFh \
  -ABIGRAM=02000h-0206Fh -ARAM=020h-06Fh,0A0h-0BFh \
  -AABS1=020h-07Fh,0A0h-0BFh -ASFR0=00h-01Fh -ASFR1=080h-09Fh \
  -ASFR2=0100h-016Fh -ASFR3=0180h-01EFh -ASFR4=0200h-026Fh \
  -ASFR5=0280h-02EFh -ASFR6=0300h-036Fh -ASFR7=0380h-03EFh \
  -ASFR8=0400h-046Fh -ASFR9=0480h-04EFh -ASFR10=0500h-056Fh \
  -ASFR11=0580h-05EFh -ASFR12=0600h-066Fh -ASFR13=0680h-06EFh \
  -ASFR14=0700h-076Fh -ASFR15=0780h-07EFh -ASFR16=0800h-086Fh \
  -ASFR17=0880h-08EFh -ASFR18=0900h-096Fh -ASFR19=0980h-09EFh \
  -ASFR20=0A00h-0A6Fh -ASFR21=0A80h-0AEFh -ASFR22=0B00h-0B6Fh \
  -ASFR23=0B80h-0BEFh -ASFR24=0C00h-0C6Fh -ASFR25=0C80h-0CEFh \
  -ASFR26=0D00h-0D6Fh -ASFR27=0D80h-0DEFh -ASFR28=0E00h-0E6Fh \
  -ASFR29=0E80h-0EEFh -ASFR30=0F00h-0F6Fh -ASFR31=0F80h-0FEFh \
  -preset_vec=00h,intentry,init,end_init -ppowerup=CODE -pcinit=CODE \
  -pfunctab=CODE -ACONFIG=08007h-08008h -pconfig=CONFIG -DCONFIG=2 \
  -AIDLOC=08000h-08003h -pidloc=IDLOC -DIDLOC=2 -DCODE=2 -DSTRCODE=2 \
  -DSTRING=2 -DCONST=2 -DENTRY=2 -k \
  C:\Users\Eduard\AppData\Local\Temp\s18o.obj \
  dist/default/production\WriteFlashAndUART.X.production.obj 

Object code version is 3.11

Machine type is 16F1503



                Name                               Link     Load   Length Selector   Space Scale
C:\Users\Eduard\AppData\Local\Temp\s18o.obj
                end_init                              1        1        1        0       0
                reset_vec                             0        0        1        0       0
                config                             8007     8007        2    1000E       0
dist/default/production\WriteFlashAndUART.X.production.obj
                cinit                               7F7      7F7        9      FEE       0
                text17                              599      599       1B      B32       0
                text16                              5B4      5B4       1C      B68       0
                text15                              6CF      6CF       5B      D9E       0
                text14                              5FF      5FF       42      BFE       0
                text13                              569      569       18      AD2       0
                text12                              581      581       18      B02       0
                text11                              525      525        5      A4A       0
                text10                              552      552       17      AA4       0
                text9                               530      530        8      A60       0
                text8                               538      538        8      A70       0
                text7                               522      522        3      A44       0
                text6                               540      540        8      A80       0
                text5                               52A      52A        6      A54       0
                text4                               687      687       48      D0E       0
                text3                               5D0      5D0       2F      BA0       0
                text2                               548      548        A      A90       0
                text1                               641      641       46      C82       0
                maintext                            72A      72A       CD      E54       0
                cstackBANK0                          20       20       50       20       1
                cstackCOMMON                         70       70        E       70       1
                cstackBANK1                          A0       A0        8       A0       1
                bssBANK1                             A8       A8        5       A0       1

TOTAL           Name                               Link     Load   Length     Space
        CLASS   STACK          

        CLASS   CONST          

        CLASS   CODE           
                end_init                              1        1        1         0
                cinit                               7F7      7F7        9         0
                reset_vec                             0        0        1         0
                text17                              599      599       1B         0
                text16                              5B4      5B4       1C         0
                text15                              6CF      6CF       5B         0
                text14                              5FF      5FF       42         0
                text13                              569      569       18         0
                text12                              581      581       18         0
                text11                              525      525        5         0
                text10                              552      552       17         0
                text9                               530      530        8         0
                text8                               538      538        8         0
                text7                               522      522        3         0
                text6                               540      540        8         0
                text5                               52A      52A        6         0
                text4                               687      687       48         0
                text3                               5D0      5D0       2F         0
                text2                               548      548        A         0
                text1                               641      641       46         0
                maintext                            72A      72A       CD         0

        CLASS   STRCODE        

        CLASS   ENTRY          

        CLASS   STRING         

        CLASS   COMMON         
                cstackCOMMON                         70       70        E         1

        CLASS   BANK0          
                cstackBANK0                          20       20       50         1

        CLASS   BANK1          
                cstackBANK1                          A0       A0        8         1
                bssBANK1                             A8       A8        5         1

        CLASS   BIGRAM         

        CLASS   RAM            

        CLASS   ABS1           
                abs_s1                               7E       7E        2         1

        CLASS   SFR0           

        CLASS   SFR1           

        CLASS   SFR2           

        CLASS   SFR3           

        CLASS   SFR4           

        CLASS   SFR5           

        CLASS   SFR6           

        CLASS   SFR7           

        CLASS   SFR8           

        CLASS   SFR9           

        CLASS   SFR10          

        CLASS   SFR11          

        CLASS   SFR12          

        CLASS   SFR13          

        CLASS   SFR14          

        CLASS   SFR15          

        CLASS   SFR16          

        CLASS   SFR17          

        CLASS   SFR18          

        CLASS   SFR19          

        CLASS   SFR20          

        CLASS   SFR21          

        CLASS   SFR22          

        CLASS   SFR23          

        CLASS   SFR24          

        CLASS   SFR25          

        CLASS   SFR26          

        CLASS   SFR27          

        CLASS   SFR28          

        CLASS   SFR29          

        CLASS   SFR30          

        CLASS   SFR31          

        CLASS   CONFIG         
                config                             8007     8007        2         0

        CLASS   IDLOC          

        CLASS   BANK31         

        CLASS   BANK30         

        CLASS   BANK29         

        CLASS   BANK28         

        CLASS   BANK27         

        CLASS   BANK26         

        CLASS   BANK25         

        CLASS   BANK24         

        CLASS   BANK23         

        CLASS   BANK22         

        CLASS   BANK21         

        CLASS   BANK20         

        CLASS   BANK19         

        CLASS   BANK18         

        CLASS   BANK17         

        CLASS   BANK16         

        CLASS   BANK15         

        CLASS   BANK14         

        CLASS   BANK13         

        CLASS   BANK12         

        CLASS   BANK11         

        CLASS   BANK10         

        CLASS   BANK9          

        CLASS   BANK8          

        CLASS   BANK7          

        CLASS   BANK6          

        CLASS   BANK5          

        CLASS   BANK4          

        CLASS   BANK3          

        CLASS   BANK2          

        CLASS   EEDATA         



SEGMENTS        Name                           Load    Length   Top    Selector   Space  Class     Delta

                reset_vec                      000000  000002  000002         0       0  CODE        2
                cstackBANK0                    000020  000050  000070        20       1  BANK0       1
                cstackCOMMON                   000070  00000E  00007E        70       1  COMMON      1
                cstackBANK1                    0000A0  00000D  0000AD        A0       1  BANK1       1
                text7                          000522  000003  000525       A44       0  CODE        2
                text11                         000525  000005  00052A       A4A       0  CODE        2
                text5                          00052A  000006  000530       A54       0  CODE        2
                text9                          000530  000008  000538       A60       0  CODE        2
                text8                          000538  000008  000540       A70       0  CODE        2
                text6                          000540  000008  000548       A80       0  CODE        2
                text2                          000548  00000A  000552       A90       0  CODE        2
                text10                         000552  000017  000569       AA4       0  CODE        2
                text13                         000569  000018  000581       AD2       0  CODE        2
                text12                         000581  000018  000599       B02       0  CODE        2
                text17                         000599  00001B  0005B4       B32       0  CODE        2
                text16                         0005B4  00001C  0005D0       B68       0  CODE        2
                text3                          0005D0  00002F  0005FF       BA0       0  CODE        2
                text14                         0005FF  000042  000641       BFE       0  CODE        2
                text1                          000641  000046  000687       C82       0  CODE        2
                text4                          000687  000048  0006CF       D0E       0  CODE        2
                text15                         0006CF  00005B  00072A       D9E       0  CODE        2
                maintext                       00072A  0000CD  0007F7       E54       0  CODE        2
                cinit                          0007F7  000009  000800       FEE       0  CODE        2
                config                         008007  000002  008009     1000E       0  CONFIG      2


UNUSED ADDRESS RANGES

        Name                Unused          Largest block    Delta
        BANK1            000AD-000BF              13           1
        BIGRAM           02000-0206F              70           1
        CODE             00002-00521             520           2
        CONST            00002-00521             100           2
        ENTRY            00002-00521             100           2
        IDLOC            08000-08003               4           2
        RAM              000AD-000BF              13           1
        SFR0             00000-0001F              20           1
        SFR1             00080-0009F              20           1
        SFR10            00500-0056F              70           1
        SFR11            00580-005EF              70           1
        SFR12            00600-0066F              70           1
        SFR13            00680-006EF              70           1
        SFR14            00700-0076F              70           1
        SFR15            00780-007EF              70           1
        SFR16            00800-0086F              70           1
        SFR17            00880-008EF              70           1
        SFR18            00900-0096F              70           1
        SFR19            00980-009EF              70           1
        SFR2             00100-0016F              70           1
        SFR20            00A00-00A6F              70           1
        SFR21            00A80-00AEF              70           1
        SFR22            00B00-00B6F              70           1
        SFR23            00B80-00BEF              70           1
        SFR24            00C00-00C6F              70           1
        SFR25            00C80-00CEF              70           1
        SFR26            00D00-00D6F              70           1
        SFR27            00D80-00DEF              70           1
        SFR28            00E00-00E6F              70           1
        SFR29            00E80-00EEF              70           1
        SFR3             00180-001EF              70           1
        SFR30            00F00-00F6F              70           1
        SFR31            00F80-00FEF              70           1
        SFR4             00200-0026F              70           1
        SFR5             00280-002EF              70           1
        SFR6             00300-0036F              70           1
        SFR7             00380-003EF              70           1
        SFR8             00400-0046F              70           1
        SFR9             00480-004EF              70           1
        STACK            0205D-0206F              13           1
        STRCODE          00002-00521             520           2
        STRING           00002-00521             100           2

                                  Symbol Table

?_FLASH_ReadWord                 cstackCOMMON 00070
?___awmod                        cstackBANK0  00025
?___lmul                         cstackCOMMON 00070
?_rand                           cstackCOMMON 0007C
FLASH_EraseBlock@GIEBitValue     cstackCOMMON 00072
FLASH_EraseBlock@startAddr       cstackCOMMON 00070
FLASH_ReadWord@GIEBitValue       cstackCOMMON 00072
FLASH_ReadWord@flashAddr         cstackCOMMON 00070
FLASH_WriteBlock@GIEBitValue     cstackCOMMON 0007B
FLASH_WriteBlock@blockStartAddr  cstackCOMMON 00079
FLASH_WriteBlock@flashWordArray  cstackCOMMON 00075
FLASH_WriteBlock@i               cstackCOMMON 0007C
FLASH_WriteBlock@writeAddr       cstackCOMMON 00073
FLASH_WriteWord@blockStartAddr   cstackBANK0  00026
FLASH_WriteWord@flashAddr        cstackBANK0  00020
FLASH_WriteWord@i                cstackBANK0  00028
FLASH_WriteWord@offset           cstackBANK0  00025
FLASH_WriteWord@ramBuf           cstackBANK0  00022
FLASH_WriteWord@word             cstackBANK0  00023
PWM3_LoadDutyValue@dutyValue     cstackCOMMON 00070
PWM4_LoadDutyValue@dutyValue     cstackCOMMON 00070
_ANSELA                          (abs)        0018C
_ANSELC                          (abs)        0018E
_APFCON                          (abs)        0011D
_FLASH_EraseBlock                text16       005B4
_FLASH_ReadWord                  text17       00599
_FLASH_WriteBlock                text15       006CF
_FLASH_WriteWord                 text14       005FF
_INTCONbits                      (abs)        0000B
_LATA                            (abs)        0010C
_LATC                            (abs)        0010E
_OPTION_REGbits                  (abs)        00095
_OSCCON                          (abs)        00099
_OSCILLATOR_Initialize           text11       00525
_OSCSTAT                         (abs)        0009A
_PIN_MANAGER_Initialize          text10       00552
_PIR1bits                        (abs)        00011
_PMADRH                          (abs)        00192
_PMADRL                          (abs)        00191
_PMCON1bits                      (abs)        00195
_PMCON2                          (abs)        00196
_PMDATH                          (abs)        00194
_PMDATL                          (abs)        00193
_PR2                             (abs)        0001B
_PWM3CON                         (abs)        00619
_PWM3DCH                         (abs)        00618
_PWM3DCL                         (abs)        00617
_PWM3_Initialize                 text9        00530
_PWM3_LoadDutyValue              text13       00569
_PWM4CON                         (abs)        0061C
_PWM4DCH                         (abs)        0061B
_PWM4DCL                         (abs)        0061A
_PWM4_Initialize                 text8        00538
_PWM4_LoadDutyValue              text12       00581
_SYSTEM_Initialize               text5        0052A
_T2CON                           (abs)        0001C
_T2CONbits                       (abs)        0001C
_TMR2                            (abs)        0001A
_TMR2_Initialize                 text6        00540
_TMR2_StartTimer                 text7        00522
_TRISA                           (abs)        0008C
_TRISC                           (abs)        0008E
_WPUA                            (abs)        0020C
__CFG_BOREN$ON                   (abs)        00000
__CFG_BORV$LO                    (abs)        00000
__CFG_CLKOUTEN$OFF               (abs)        00000
__CFG_CP$OFF                     (abs)        00000
__CFG_FOSC$INTOSC                (abs)        00000
__CFG_LPBOR$OFF                  (abs)        00000
__CFG_LVP$OFF                    (abs)        00000
__CFG_MCLRE$ON                   (abs)        00000
__CFG_PWRTE$OFF                  (abs)        00000
__CFG_STVREN$ON                  (abs)        00000
__CFG_WDTE$OFF                   (abs)        00000
__CFG_WRT$OFF                    (abs)        00000
__Habs1                          abs1         00000
__Hbank0                         bank0        00000
__Hbank1                         bank1        00000
__Hbank10                        bank10       00000
__Hbank11                        bank11       00000
__Hbank12                        bank12       00000
__Hbank13                        bank13       00000
__Hbank14                        bank14       00000
__Hbank15                        bank15       00000
__Hbank16                        bank16       00000
__Hbank17                        bank17       00000
__Hbank18                        bank18       00000
__Hbank19                        bank19       00000
__Hbank2                         bank2        00000
__Hbank20                        bank20       00000
__Hbank21                        bank21       00000
__Hbank22                        bank22       00000
__Hbank23                        bank23       00000
__Hbank24                        bank24       00000
__Hbank25                        bank25       00000
__Hbank26                        bank26       00000
__Hbank27                        bank27       00000
__Hbank28                        bank28       00000
__Hbank29                        bank29       00000
__Hbank3                         bank3        00000
__Hbank30                        bank30       00000
__Hbank31                        bank31       00000
__Hbank4                         bank4        00000
__Hbank5                         bank5        00000
__Hbank6                         bank6        00000
__Hbank7                         bank7        00000
__Hbank8                         bank8        00000
__Hbank9                         bank9        00000
__Hbigram                        bigram       00000
__HbssBANK1                      bssBANK1     00000
__Hcinit                         cinit        00800
__Hclrtext                       clrtext      00000
__Hcode                          code         00000
__Hcommon                        common       00000
__Hconfig                        config       08009
__HcstackBANK0                   cstackBANK0  00000
__HcstackBANK1                   cstackBANK1  00000
__HcstackCOMMON                  cstackCOMMON 00000
__Heeprom_data                   eeprom_data  00000
__Hend_init                      end_init     00002
__Hfunctab                       functab      00000
__Hidloc                         idloc        00000
__Hinit                          init         00001
__Hintentry                      intentry     00001
__Hmaintext                      maintext     00000
__Hpowerup                       powerup      00000
__Hram                           ram          00000
__Hreset_vec                     reset_vec    00001
__Hsfr0                          sfr0         00000
__Hsfr1                          sfr1         00000
__Hsfr10                         sfr10        00000
__Hsfr11                         sfr11        00000
__Hsfr12                         sfr12        00000
__Hsfr13                         sfr13        00000
__Hsfr14                         sfr14        00000
__Hsfr15                         sfr15        00000
__Hsfr16                         sfr16        00000
__Hsfr17                         sfr17        00000
__Hsfr18                         sfr18        00000
__Hsfr19                         sfr19        00000
__Hsfr2                          sfr2         00000
__Hsfr20                         sfr20        00000
__Hsfr21                         sfr21        00000
__Hsfr22                         sfr22        00000
__Hsfr23                         sfr23        00000
__Hsfr24                         sfr24        00000
__Hsfr25                         sfr25        00000
__Hsfr26                         sfr26        00000
__Hsfr27                         sfr27        00000
__Hsfr28                         sfr28        00000
__Hsfr29                         sfr29        00000
__Hsfr3                          sfr3         00000
__Hsfr30                         sfr30        00000
__Hsfr31                         sfr31        00000
__Hsfr4                          sfr4         00000
__Hsfr5                          sfr5         00000
__Hsfr6                          sfr6         00000
__Hsfr7                          sfr7         00000
__Hsfr8                          sfr8         00000
__Hsfr9                          sfr9         00000
__Hspace_0                       (abs)        08009
__Hspace_1                       (abs)        000AD
__Hspace_2                       (abs)        00000
__Hspace_3                       (abs)        00000
__Hstack                         stack        00000
__Hstrings                       strings      00000
__Htext                          text         00000
__Labs1                          abs1         00000
__Lbank0                         bank0        00000
__Lbank1                         bank1        00000
__Lbank10                        bank10       00000
__Lbank11                        bank11       00000
__Lbank12                        bank12       00000
__Lbank13                        bank13       00000
__Lbank14                        bank14       00000
__Lbank15                        bank15       00000
__Lbank16                        bank16       00000
__Lbank17                        bank17       00000
__Lbank18                        bank18       00000
__Lbank19                        bank19       00000
__Lbank2                         bank2        00000
__Lbank20                        bank20       00000
__Lbank21                        bank21       00000
__Lbank22                        bank22       00000
__Lbank23                        bank23       00000
__Lbank24                        bank24       00000
__Lbank25                        bank25       00000
__Lbank26                        bank26       00000
__Lbank27                        bank27       00000
__Lbank28                        bank28       00000
__Lbank29                        bank29       00000
__Lbank3                         bank3        00000
__Lbank30                        bank30       00000
__Lbank31                        bank31       00000
__Lbank4                         bank4        00000
__Lbank5                         bank5        00000
__Lbank6                         bank6        00000
__Lbank7                         bank7        00000
__Lbank8                         bank8        00000
__Lbank9                         bank9        00000
__Lbigram                        bigram       00000
__LbssBANK1                      bssBANK1     00000
__Lcinit                         cinit        007F7
__Lclrtext                       clrtext      00000
__Lcode                          code         00000
__Lcommon                        common       00000
__Lconfig                        config       08007
__LcstackBANK0                   cstackBANK0  00000
__LcstackBANK1                   cstackBANK1  00000
__LcstackCOMMON                  cstackCOMMON 00000
__Leeprom_data                   eeprom_data  00000
__Lend_init                      end_init     00001
__Lfunctab                       functab      00000
__Lidloc                         idloc        00000
__Linit                          init         00001
__Lintentry                      intentry     00001
__Lmaintext                      maintext     00000
__Lpowerup                       powerup      00000
__Lram                           ram          00000
__Lreset_vec                     reset_vec    00000
__Lsfr0                          sfr0         00000
__Lsfr1                          sfr1         00000
__Lsfr10                         sfr10        00000
__Lsfr11                         sfr11        00000
__Lsfr12                         sfr12        00000
__Lsfr13                         sfr13        00000
__Lsfr14                         sfr14        00000
__Lsfr15                         sfr15        00000
__Lsfr16                         sfr16        00000
__Lsfr17                         sfr17        00000
__Lsfr18                         sfr18        00000
__Lsfr19                         sfr19        00000
__Lsfr2                          sfr2         00000
__Lsfr20                         sfr20        00000
__Lsfr21                         sfr21        00000
__Lsfr22                         sfr22        00000
__Lsfr23                         sfr23        00000
__Lsfr24                         sfr24        00000
__Lsfr25                         sfr25        00000
__Lsfr26                         sfr26        00000
__Lsfr27                         sfr27        00000
__Lsfr28                         sfr28        00000
__Lsfr29                         sfr29        00000
__Lsfr3                          sfr3         00000
__Lsfr30                         sfr30        00000
__Lsfr31                         sfr31        00000
__Lsfr4                          sfr4         00000
__Lsfr5                          sfr5         00000
__Lsfr6                          sfr6         00000
__Lsfr7                          sfr7         00000
__Lsfr8                          sfr8         00000
__Lsfr9                          sfr9         00000
__Lspace_0                       (abs)        00000
__Lspace_1                       (abs)        00000
__Lspace_2                       (abs)        00000
__Lspace_3                       (abs)        00000
__Lstack                         stack        00000
__Lstrings                       strings      00000
__Ltext                          text         00000
__S0                             (abs)        08009
__S1                             (abs)        000AD
__S2                             (abs)        00000
___awmod                         text4        00687
___awmod@counter                 cstackBANK0  0002A
___awmod@dividend                cstackBANK0  00027
___awmod@divisor                 cstackBANK0  00025
___awmod@sign                    cstackBANK0  0002B
___int_sp                        stack        00000
___latbits                       (abs)        00000
___lmul                          text3        005D0
___lmul@multiplicand             cstackCOMMON 00074
___lmul@multiplier               cstackCOMMON 00070
___lmul@product                  cstackCOMMON 00078
___sp                            stack        00000
__end_of_FLASH_EraseBlock        text16       005D0
__end_of_FLASH_ReadWord          text17       005B4
__end_of_FLASH_WriteBlock        text15       0072A
__end_of_FLASH_WriteWord         text14       00641
__end_of_OSCILLATOR_Initialize   text11       0052A
__end_of_PIN_MANAGER_Initialize  text10       00569
__end_of_PWM3_Initialize         text9        00538
__end_of_PWM3_LoadDutyValue      text13       00581
__end_of_PWM4_Initialize         text8        00540
__end_of_PWM4_LoadDutyValue      text12       00599
__end_of_SYSTEM_Initialize       text5        00530
__end_of_TMR2_Initialize         text6        00548
__end_of_TMR2_StartTimer         text7        00525
__end_of___awmod                 text4        006CF
__end_of___lmul                  text3        005FF
__end_of__initialization         cinit        007FD
__end_of_main                    maintext     007F7
__end_of_rand                    text1        00687
__end_of_srand                   text2        00552
__initialization                 cinit        007F7
__pbssBANK1                      bssBANK1     000A8
__pcstackBANK0                   cstackBANK0  00020
__pcstackBANK1                   cstackBANK1  000A0
__pcstackCOMMON                  cstackCOMMON 00070
__pmaintext                      maintext     0072A
__ptext0                         text0        00000
__ptext1                         text1        00641
__ptext10                        text10       00552
__ptext11                        text11       00525
__ptext12                        text12       00581
__ptext13                        text13       00569
__ptext14                        text14       005FF
__ptext15                        text15       006CF
__ptext16                        text16       005B4
__ptext17                        text17       00599
__ptext2                         text2        00548
__ptext3                         text3        005D0
__ptext4                         text4        00687
__ptext5                         text5        0052A
__ptext6                         text6        00540
__ptext7                         text7        00522
__ptext8                         text8        00538
__ptext9                         text9        00530
__size_of_FLASH_EraseBlock       (abs)        00000
__size_of_FLASH_ReadWord         (abs)        00000
__size_of_FLASH_WriteBlock       (abs)        00000
__size_of_FLASH_WriteWord        (abs)        00000
__size_of_OSCILLATOR_Initialize  (abs)        00000
__size_of_PIN_MANAGER_Initialize (abs)        00000
__size_of_PWM3_Initialize        (abs)        00000
__size_of_PWM3_LoadDutyValue     (abs)        00000
__size_of_PWM4_Initialize        (abs)        00000
__size_of_PWM4_LoadDutyValue     (abs)        00000
__size_of_SYSTEM_Initialize      (abs)        00000
__size_of_TMR2_Initialize        (abs)        00000
__size_of_TMR2_StartTimer        (abs)        00000
__size_of___awmod                (abs)        00000
__size_of___lmul                 (abs)        00000
__size_of_main                   (abs)        00000
__size_of_rand                   (abs)        00000
__size_of_srand                  (abs)        00000
_main                            maintext     0072A
_rand                            text1        00641
_randf                           bssBANK1     000AC
_randx                           bssBANK1     000A8
_srand                           text2        00548
btemp                            (abs)        0007E
end_of_initialization            cinit        007FD
intlevel0                        functab      00000
intlevel1                        functab      00000
intlevel2                        functab      00000
intlevel3                        functab      00000
intlevel4                        functab      00000
intlevel5                        functab      00000
ltemp                            (abs)        0007E
ltemp0                           (abs)        0007E
ltemp1                           (abs)        00082
ltemp2                           (abs)        00086
ltemp3                           (abs)        00080
main@Rbuf                        cstackBANK0  0002F
main@dutyCycleP3                 cstackBANK1  000A4
main@dutyCycleP4                 cstackBANK1  000A6
main@faddrPWM3                   cstackBANK1  000A0
main@faddrPWM4                   cstackBANK1  000A2
main@pRbuf                       cstackBANK0  0006F
pic14e$flags                     (abs)        0007E
reset_vec                        reset_vec    00000
srand@x                          cstackCOMMON 00070
stackhi                          (abs)        0206F
stacklo                          (abs)        0205D
start                            init         00001
start_initialization             cinit        007F7
ttemp                            (abs)        0007E
ttemp0                           (abs)        0007E
ttemp1                           (abs)        00081
ttemp2                           (abs)        00084
ttemp3                           (abs)        00087
ttemp4                           (abs)        0007F
wtemp                            (abs)        0007E
wtemp0                           (abs)        0007E
wtemp1                           (abs)        00080
wtemp2                           (abs)        00082
wtemp3                           (abs)        00084
wtemp4                           (abs)        00086
wtemp5                           (abs)        00088
wtemp6                           (abs)        0007F


FUNCTION INFORMATION:

 *************** function _main *****************
 Defined at:
		line 59 in file "main.c"
 Parameters:    Size  Location     Type
		None
 Auto vars:     Size  Location     Type
  Rbuf           64   15[BANK0 ] unsigned int [32]
  dutyCycleP4     2    6[BANK1 ] unsigned int 
  dutyCycleP3     2    4[BANK1 ] unsigned int 
  faddrPWM4       2    2[BANK1 ] unsigned int 
  faddrPWM3       2    0[BANK1 ] unsigned int 
  randPWM4        2    0        unsigned int 
  randPWM3        2    0        unsigned int 
  pRbuf           1   79[BANK0 ] PTR unsigned int 
		 -> main@Rbuf(64), 
 Return value:  Size  Location     Type
		None               void
 Registers used:
		wreg, fsr1l, fsr1h, status,2, status,0, pclath, cstack
 Tracked objects:
		On entry : 
		On exit  : 
		Unchanged: 
 Data sizes:     COMMON   BANK0   BANK1
      Params:         0       0       0
      Locals:         0      65       8
      Temps:          0       3       0
      Totals:         0      68       8
Total ram usage:       76 bytes
 Hardware stack levels required when called:    3
 This function calls:
		_FLASH_ReadWord
		_FLASH_WriteWord
		_PWM3_LoadDutyValue
		_PWM4_LoadDutyValue
		_SYSTEM_Initialize
		___awmod
		_rand
 This function is called by:
		Startup code after reset
 This function uses a non-reentrant model


 *************** function _rand *****************
 Defined at:
		line 13 in file "D:\Program Files\Microchip\xc8\v1.32\sources\common\rand.c"
 Parameters:    Size  Location     Type
		None
 Auto vars:     Size  Location     Type
		None
 Return value:  Size  Location     Type
                  2   12[COMMON] int 
 Registers used:
		wreg, status,2, status,0, pclath, cstack
 Tracked objects:
		On entry : 
		On exit  : 
		Unchanged: 
 Data sizes:     COMMON   BANK0   BANK1
      Params:         2       0       0
      Locals:         0       0       0
      Temps:          0       5       0
      Totals:         2       5       0
Total ram usage:        7 bytes
 Hardware stack levels used:    1
 Hardware stack levels required when called:    1
 This function calls:
		___lmul
		_srand
 This function is called by:
		_main
 This function uses a non-reentrant model


 *************** function _srand *****************
 Defined at:
		line 7 in file "D:\Program Files\Microchip\xc8\v1.32\sources\common\rand.c"
 Parameters:    Size  Location     Type
  x               2    0[COMMON] unsigned int 
 Auto vars:     Size  Location     Type
		None
 Return value:  Size  Location     Type
		None               void
 Registers used:
		wreg
 Tracked objects:
		On entry : 
		On exit  : 
		Unchanged: 
 Data sizes:     COMMON   BANK0   BANK1
      Params:         2       0       0
      Locals:         0       0       0
      Temps:          0       0       0
      Totals:         2       0       0
Total ram usage:        2 bytes
 Hardware stack levels used:    1
 This function calls:
		Nothing
 This function is called by:
		_rand
 This function uses a non-reentrant model


 *************** function ___lmul *****************
 Defined at:
		line 15 in file "D:\Program Files\Microchip\xc8\v1.32\sources\common\Umul32.c"
 Parameters:    Size  Location     Type
  multiplier      4    0[COMMON] unsigned long 
  multiplicand    4    4[COMMON] unsigned long 
 Auto vars:     Size  Location     Type
  product         4    8[COMMON] unsigned long 
 Return value:  Size  Location     Type
                  4    0[COMMON] unsigned long 
 Registers used:
		wreg, status,2, status,0
 Tracked objects:
		On entry : 
		On exit  : 
		Unchanged: 
 Data sizes:     COMMON   BANK0   BANK1
      Params:         8       0       0
      Locals:         4       0       0
      Temps:          0       0       0
      Totals:        12       0       0
Total ram usage:       12 bytes
 Hardware stack levels used:    1
 This function calls:
		Nothing
 This function is called by:
		_rand
 This function uses a non-reentrant model


 *************** function ___awmod *****************
 Defined at:
		line 6 in file "D:\Program Files\Microchip\xc8\v1.32\sources\common\awmod.c"
 Parameters:    Size  Location     Type
  divisor         2    5[BANK0 ] int 
  dividend        2    7[BANK0 ] int 
 Auto vars:     Size  Location     Type
  sign            1   11[BANK0 ] unsigned char 
  counter         1   10[BANK0 ] unsigned char 
 Return value:  Size  Location     Type
                  2    5[BANK0 ] int 
 Registers used:
		wreg, status,2, status,0
 Tracked objects:
		On entry : 
		On exit  : 
		Unchanged: 
 Data sizes:     COMMON   BANK0   BANK1
      Params:         0       4       0
      Locals:         0       2       0
      Temps:          0       1       0
      Totals:         0       7       0
Total ram usage:        7 bytes
 Hardware stack levels used:    1
 This function calls:
		Nothing
 This function is called by:
		_main
 This function uses a non-reentrant model


 *************** function _SYSTEM_Initialize *****************
 Defined at:
		line 67 in file "mcc_generated_files/mcc.c"
 Parameters:    Size  Location     Type
		None
 Auto vars:     Size  Location     Type
		None
 Return value:  Size  Location     Type
		None               void
 Registers used:
		wreg, status,2, status,0, pclath, cstack
 Tracked objects:
		On entry : 
		On exit  : 
		Unchanged: 
 Data sizes:     COMMON   BANK0   BANK1
      Params:         0       0       0
      Locals:         0       0       0
      Temps:          0       0       0
      Totals:         0       0       0
Total ram usage:        0 bytes
 Hardware stack levels used:    1
 Hardware stack levels required when called:    2
 This function calls:
		_OSCILLATOR_Initialize
		_PIN_MANAGER_Initialize
		_PWM3_Initialize
		_PWM4_Initialize
		_TMR2_Initialize
 This function is called by:
		_main
 This function uses a non-reentrant model


 *************** function _TMR2_Initialize *****************
 Defined at:
		line 58 in file "mcc_generated_files/tmr2.c"
 Parameters:    Size  Location     Type
		None
 Auto vars:     Size  Location     Type
		None
 Return value:  Size  Location     Type
		None               void
 Registers used:
		wreg, status,2, status,0, pclath, cstack
 Tracked objects:
		On entry : 
		On exit  : 
		Unchanged: 
 Data sizes:     COMMON   BANK0   BANK1
      Params:         0       0       0
      Locals:         0       0       0
      Temps:          0       0       0
      Totals:         0       0       0
Total ram usage:        0 bytes
 Hardware stack levels used:    1
 Hardware stack levels required when called:    1
 This function calls:
		_TMR2_StartTimer
 This function is called by:
		_SYSTEM_Initialize
 This function uses a non-reentrant model


 *************** function _TMR2_StartTimer *****************
 Defined at:
		line 78 in file "mcc_generated_files/tmr2.c"
 Parameters:    Size  Location     Type
		None
 Auto vars:     Size  Location     Type
		None
 Return value:  Size  Location     Type
		None               void
 Registers used:
		None
 Tracked objects:
		On entry : 
		On exit  : 
		Unchanged: 
 Data sizes:     COMMON   BANK0   BANK1
      Params:         0       0       0
      Locals:         0       0       0
      Temps:          0       0       0
      Totals:         0       0       0
Total ram usage:        0 bytes
 Hardware stack levels used:    1
 This function calls:
		Nothing
 This function is called by:
		_TMR2_Initialize
 This function uses a non-reentrant model


 *************** function _PWM4_Initialize *****************
 Defined at:
		line 64 in file "mcc_generated_files/pwm4.c"
 Parameters:    Size  Location     Type
		None
 Auto vars:     Size  Location     Type
		None
 Return value:  Size  Location     Type
		None               void
 Registers used:
		wreg
 Tracked objects:
		On entry : 
		On exit  : 
		Unchanged: 
 Data sizes:     COMMON   BANK0   BANK1
      Params:         0       0       0
      Locals:         0       0       0
      Temps:          0       0       0
      Totals:         0       0       0
Total ram usage:        0 bytes
 Hardware stack levels used:    1
 This function calls:
		Nothing
 This function is called by:
		_SYSTEM_Initialize
 This function uses a non-reentrant model


 *************** function _PWM3_Initialize *****************
 Defined at:
		line 64 in file "mcc_generated_files/pwm3.c"
 Parameters:    Size  Location     Type
		None
 Auto vars:     Size  Location     Type
		None
 Return value:  Size  Location     Type
		None               void
 Registers used:
		wreg
 Tracked objects:
		On entry : 
		On exit  : 
		Unchanged: 
 Data sizes:     COMMON   BANK0   BANK1
      Params:         0       0       0
      Locals:         0       0       0
      Temps:          0       0       0
      Totals:         0       0       0
Total ram usage:        0 bytes
 Hardware stack levels used:    1
 This function calls:
		Nothing
 This function is called by:
		_SYSTEM_Initialize
 This function uses a non-reentrant model


 *************** function _PIN_MANAGER_Initialize *****************
 Defined at:
		line 50 in file "mcc_generated_files/pin_manager.c"
 Parameters:    Size  Location     Type
		None
 Auto vars:     Size  Location     Type
		None
 Return value:  Size  Location     Type
		None               void
 Registers used:
		wreg, status,2
 Tracked objects:
		On entry : 
		On exit  : 
		Unchanged: 
 Data sizes:     COMMON   BANK0   BANK1
      Params:         0       0       0
      Locals:         0       0       0
      Temps:          0       0       0
      Totals:         0       0       0
Total ram usage:        0 bytes
 Hardware stack levels used:    1
 This function calls:
		Nothing
 This function is called by:
		_SYSTEM_Initialize
 This function uses a non-reentrant model


 *************** function _OSCILLATOR_Initialize *****************
 Defined at:
		line 77 in file "mcc_generated_files/mcc.c"
 Parameters:    Size  Location     Type
		None
 Auto vars:     Size  Location     Type
		None
 Return value:  Size  Location     Type
		None               void
 Registers used:
		wreg, status,2
 Tracked objects:
		On entry : 
		On exit  : 
		Unchanged: 
 Data sizes:     COMMON   BANK0   BANK1
      Params:         0       0       0
      Locals:         0       0       0
      Temps:          0       0       0
      Totals:         0       0       0
Total ram usage:        0 bytes
 Hardware stack levels used:    1
 This function calls:
		Nothing
 This function is called by:
		_SYSTEM_Initialize
 This function uses a non-reentrant model


 *************** function _PWM4_LoadDutyValue *****************
 Defined at:
		line 78 in file "mcc_generated_files/pwm4.c"
 Parameters:    Size  Location     Type
  dutyValue       2    0[COMMON] unsigned int 
 Auto vars:     Size  Location     Type
		None
 Return value:  Size  Location     Type
		None               void
 Registers used:
		wreg, status,2, status,0
 Tracked objects:
		On entry : 
		On exit  : 
		Unchanged: 
 Data sizes:     COMMON   BANK0   BANK1
      Params:         2       0       0
      Locals:         0       0       0
      Temps:          2       0       0
      Totals:         4       0       0
Total ram usage:        4 bytes
 Hardware stack levels used:    1
 This function calls:
		Nothing
 This function is called by:
		_main
 This function uses a non-reentrant model


 *************** function _PWM3_LoadDutyValue *****************
 Defined at:
		line 78 in file "mcc_generated_files/pwm3.c"
 Parameters:    Size  Location     Type
  dutyValue       2    0[COMMON] unsigned int 
 Auto vars:     Size  Location     Type
		None
 Return value:  Size  Location     Type
		None               void
 Registers used:
		wreg, status,2, status,0
 Tracked objects:
		On entry : 
		On exit  : 
		Unchanged: 
 Data sizes:     COMMON   BANK0   BANK1
      Params:         2       0       0
      Locals:         0       0       0
      Temps:          2       0       0
      Totals:         4       0       0
Total ram usage:        4 bytes
 Hardware stack levels used:    1
 This function calls:
		Nothing
 This function is called by:
		_main
 This function uses a non-reentrant model


 *************** function _FLASH_WriteWord *****************
 Defined at:
		line 75 in file "mcc_generated_files/memory.c"
 Parameters:    Size  Location     Type
  flashAddr       2    0[BANK0 ] unsigned int 
  ramBuf          1    2[BANK0 ] PTR unsigned int 
		 -> main@Rbuf(64), 
  word            2    3[BANK0 ] unsigned int 
 Auto vars:     Size  Location     Type
  blockStartAd    2    6[BANK0 ] unsigned int 
  i               1    8[BANK0 ] unsigned char 
  offset          1    5[BANK0 ] unsigned char 
 Return value:  Size  Location     Type
		None               void
 Registers used:
		wreg, fsr1l, fsr1h, status,2, status,0, pclath, cstack
 Tracked objects:
		On entry : 
		On exit  : 
		Unchanged: 
 Data sizes:     COMMON   BANK0   BANK1
      Params:         0       5       0
      Locals:         0       4       0
      Temps:          1       0       0
      Totals:         1       9       0
Total ram usage:       10 bytes
 Hardware stack levels used:    1
 Hardware stack levels required when called:    2
 This function calls:
		_FLASH_ReadWord
		_FLASH_WriteBlock
 This function is called by:
		_main
 This function uses a non-reentrant model


 *************** function _FLASH_WriteBlock *****************
 Defined at:
		line 94 in file "mcc_generated_files/memory.c"
 Parameters:    Size  Location     Type
  writeAddr       2    3[COMMON] unsigned int 
  flashWordArr    1    5[COMMON] PTR unsigned int 
		 -> main@Rbuf(64), 
 Auto vars:     Size  Location     Type
  blockStartAd    2    9[COMMON] unsigned int 
  i               1   12[COMMON] unsigned char 
  GIEBitValue     1   11[COMMON] unsigned char 
 Return value:  Size  Location     Type
                  1    wreg      char 
 Registers used:
		wreg, fsr1l, fsr1h, status,2, status,0, pclath, cstack
 Tracked objects:
		On entry : 
		On exit  : 
		Unchanged: 
 Data sizes:     COMMON   BANK0   BANK1
      Params:         3       0       0
      Locals:         4       0       0
      Temps:          3       0       0
      Totals:        10       0       0
Total ram usage:       10 bytes
 Hardware stack levels used:    1
 Hardware stack levels required when called:    1
 This function calls:
		_FLASH_EraseBlock
 This function is called by:
		_FLASH_WriteWord
 This function uses a non-reentrant model


 *************** function _FLASH_EraseBlock *****************
 Defined at:
		line 148 in file "mcc_generated_files/memory.c"
 Parameters:    Size  Location     Type
  startAddr       2    0[COMMON] unsigned int 
 Auto vars:     Size  Location     Type
  GIEBitValue     1    2[COMMON] unsigned char 
 Return value:  Size  Location     Type
		None               void
 Registers used:
		wreg, status,2
 Tracked objects:
		On entry : 
		On exit  : 
		Unchanged: 
 Data sizes:     COMMON   BANK0   BANK1
      Params:         2       0       0
      Locals:         1       0       0
      Temps:          0       0       0
      Totals:         3       0       0
Total ram usage:        3 bytes
 Hardware stack levels used:    1
 This function calls:
		Nothing
 This function is called by:
		_FLASH_WriteBlock
 This function uses a non-reentrant model


 *************** function _FLASH_ReadWord *****************
 Defined at:
		line 58 in file "mcc_generated_files/memory.c"
 Parameters:    Size  Location     Type
  flashAddr       2    0[COMMON] unsigned int 
 Auto vars:     Size  Location     Type
  GIEBitValue     1    2[COMMON] unsigned char 
 Return value:  Size  Location     Type
                  2    0[COMMON] unsigned int 
 Registers used:
		wreg, status,2, status,0
 Tracked objects:
		On entry : 
		On exit  : 
		Unchanged: 
 Data sizes:     COMMON   BANK0   BANK1
      Params:         2       0       0
      Locals:         1       0       0
      Temps:          0       0       0
      Totals:         3       0       0
Total ram usage:        3 bytes
 Hardware stack levels used:    1
 This function calls:
		Nothing
 This function is called by:
		_FLASH_WriteWord
		_main
 This function uses a non-reentrant model



MODULE INFORMATION

Module		Function		Class		Link	Load	Size
D:\Program Files\Microchip\xc8\v1.32\sources\common\rand.c
		_srand         		CODE           	0548	0000	10
		_rand          		CODE           	0641	0000	70

D:\Program Files\Microchip\xc8\v1.32\sources\common\rand.c estimated size: 80

mcc_generated_files/pwm4.c
		_PWM4_Initializ		CODE           	0538	0000	8
		_PWM4_LoadDutyV		CODE           	0581	0000	24

mcc_generated_files/pwm4.c estimated size: 32

mcc_generated_files/tmr2.c
		_TMR2_Initializ		CODE           	0540	0000	8
		_TMR2_StartTime		CODE           	0522	0000	3

mcc_generated_files/tmr2.c estimated size: 11

D:\Program Files\Microchip\xc8\v1.32\sources\common\awmod.c
		___awmod       		CODE           	0687	0000	72

D:\Program Files\Microchip\xc8\v1.32\sources\common\awmod.c estimated size: 72

mcc_generated_files/pin_manager.c
		_PIN_MANAGER_In		CODE           	0552	0000	23

mcc_generated_files/pin_manager.c estimated size: 23

shared
		__initializatio		CODE           	07F7	0000	6

shared estimated size: 6

mcc_generated_files/mcc.c
		_OSCILLATOR_Ini		CODE           	0525	0000	5
		_SYSTEM_Initial		CODE           	052A	0000	6

mcc_generated_files/mcc.c estimated size: 11

mcc_generated_files/pwm3.c
		_PWM3_Initializ		CODE           	0530	0000	8
		_PWM3_LoadDutyV		CODE           	0569	0000	24

mcc_generated_files/pwm3.c estimated size: 32

mcc_generated_files/memory.c
		_FLASH_EraseBlo		CODE           	05B4	0000	28
		_FLASH_ReadWord		CODE           	0599	0000	27
		_FLASH_WriteBlo		CODE           	06CF	0000	91
		_FLASH_WriteWor		CODE           	05FF	0000	66

mcc_generated_files/memory.c estimated size: 212

main.c
		_main          		CODE           	072A	0000	205

main.c estimated size: 205

D:\Program Files\Microchip\xc8\v1.32\sources\common\Umul32.c
		___lmul        		CODE           	05D0	0000	47

D:\Program Files\Microchip\xc8\v1.32\sources\common\Umul32.c estimated size: 47

