Microchip MPLAB XC8 Compiler V1.21 ()

Linker command line:

--edf=D:\Program Files\Microchip\xc8\v1.21\dat\en_msgs.txt -cs \
  -h+dist/default/production\Slave.X.production.sym \
  --cmf=dist/default/production\Slave.X.production.cmf -z -Q16F684 \
  -oC:\DOCUME~1\Mirela\LOCALS~1\Temp\s2jk.6 \
  -Mdist/default/production/Slave.X.production.map -E1 -ver=XC8 \
  -ACONST=00h-0FFhx8 -ACODE=00h-07FFh -ASTRCODE=00h-07FFh \
  -AENTRY=00h-0FFhx8 -ASTRING=00h-0FFhx8 -ACOMMON=070h-07Fh \
  -ABANK0=020h-06Fh -ABANK1=0A0h-0BFh -ARAM=020h-06Fh,0A0h-0BFh \
  -AABS1=020h-07Fh,0A0h-0BFh -ASFR0=00h-01Fh -ASFR1=080h-09Fh \
  -preset_vec=00h,intentry,init,end_init -ppowerup=CODE -pcinit=CODE \
  -pfunctab=CODE -ACONFIG=02007h-02007h -pconfig=CONFIG -DCONFIG=2 \
  -AIDLOC=02000h-02003h -pidloc=IDLOC -DIDLOC=2 -AEEDATA=00h-0FFh/02100h \
  -peeprom_data=EEDATA -DEEDATA=2 -DCODE=2 -DSTRCODE=2 -DSTRING=2 -DCONST=2 \
  -DENTRY=2 -k C:\DOCUME~1\Mirela\LOCALS~1\Temp\s2jk.obj \
  dist/default/production\Slave.X.production.obj 

Object code version is 3.11

Machine type is 16F684



                Name                               Link     Load   Length Selector   Space Scale
C:\DOCUME~1\Mirela\LOCALS~1\Temp\s2jk.obj
                end_init                              0        0        1        0       0
                config                             2007     2007        1     400E       0
dist/default/production\Slave.X.production.obj
                cinit                               7FE      7FE        2      FFC       0
                text6                               70B      70B       1E      E16       0
                text5                               6D1      6D1        A      DA2       0
                text4                               6DB      6DB        A      DB6       0
                text3                               6E5      6E5       12      DCA       0
                text2                               6F7      6F7       14      DEE       0
                text1                               729      729       5B      E52       0
                maintext                            784      784       7A      F08       0
                cstackBANK0                          20       20        3       20       1
                cstackCOMMON                         70       70        C       70       1

TOTAL           Name                               Link     Load   Length     Space
        CLASS   CONST          

        CLASS   CODE           
                end_init                              0        0        1         0
                cinit                               7FE      7FE        2         0
                text6                               70B      70B       1E         0
                text5                               6D1      6D1        A         0
                text4                               6DB      6DB        A         0
                text3                               6E5      6E5       12         0
                text2                               6F7      6F7       14         0
                text1                               729      729       5B         0
                maintext                            784      784       7A         0

        CLASS   STRCODE        

        CLASS   ENTRY          

        CLASS   STRING         

        CLASS   COMMON         
                cstackCOMMON                         70       70        C         1

        CLASS   BANK0          
                cstackBANK0                          20       20        3         1

        CLASS   BANK1          

        CLASS   RAM            

        CLASS   ABS1           
                abs_s1                               7E       7E        2         1

        CLASS   SFR0           

        CLASS   SFR1           

        CLASS   CONFIG         
                config                             2007     2007        1         0

        CLASS   IDLOC          

        CLASS   EEDATA         



SEGMENTS        Name                           Load    Length   Top    Selector   Space  Class     Delta

                reset_vec                      000000  000001  000001         0       0  CODE        2
                cstackBANK0                    000020  000003  000023        20       1  BANK0       1
                cstackCOMMON                   000070  00000C  00007C        70       1  COMMON      1
                text5                          0006D1  00000A  0006DB       DA2       0  CODE        2
                text4                          0006DB  00000A  0006E5       DB6       0  CODE        2
                text3                          0006E5  000012  0006F7       DCA       0  CODE        2
                text2                          0006F7  000014  00070B       DEE       0  CODE        2
                text6                          00070B  00001E  000729       E16       0  CODE        2
                text1                          000729  00005B  000784       E52       0  CODE        2
                maintext                       000784  00007A  0007FE       F08       0  CODE        2
                cinit                          0007FE  000002  000800       FFC       0  CODE        2
                config                         002007  000001  002008      400E       0  CONFIG      2


UNUSED ADDRESS RANGES

        Name                Unused          Largest block    Delta
        BANK0            0023-006F             4D           1
        BANK1            00A0-00BF             20           1
        CODE             0001-06D0            6D0           2
        COMMON           007C-007D              2           1
        CONST            0001-06D0            100           2
        EEDATA           2100-21FF            100           2
        ENTRY            0001-06D0            100           2
        IDLOC            2000-2003              4           2
        RAM              0023-006F             4D           1
                         00A0-00BF             20
        SFR0             0000-001F             20           1
        SFR1             0080-009F             20           1
        STRCODE          0001-06D0            6D0           2
        STRING           0001-06D0            100           2

                                  Symbol Table

?___awdiv                cstackCOMMON 0070
?_delay                  cstackCOMMON 0070
Read_ad1@buf             cstackCOMMON 0071
_ADCON0bits              (abs)        001F
_ADCON1                  (abs)        009F
_ADRESH                  (abs)        001E
_ANSELbits               (abs)        0091
_CCP1CON                 (abs)        0015
_CCPR1L                  (abs)        0013
_CMCON0bits              (abs)        0019
_GO                      (abs)        00F9
_INTCON                  (abs)        000B
_OSCCON                  (abs)        008F
_PIR1bits                (abs)        000C
_PORTAbits               (abs)        0005
_PR2                     (abs)        0092
_Read_ad1                text5        06D1
_T2CONbits               (abs)        0012
_TRISAbits               (abs)        0085
_TRISCbits               (abs)        0087
__CFG_BOREN$OFF          (abs)        0000
__CFG_CP$OFF             (abs)        0000
__CFG_CPD$OFF            (abs)        0000
__CFG_FCMEN$OFF          (abs)        0000
__CFG_FOSC$INTOSCIO      (abs)        0000
__CFG_IESO$OFF           (abs)        0000
__CFG_MCLRE$ON           (abs)        0000
__CFG_PWRTE$OFF          (abs)        0000
__CFG_WDTE$OFF           (abs)        0000
__Habs1                  abs1         0000
__Hbank0                 bank0        0000
__Hbank1                 bank1        0000
__Hcinit                 cinit        0800
__Hclrtext               clrtext      0000
__Hcode                  code         0000
__Hcommon                common       0000
__Hconfig                config       2008
__HcstackBANK0           cstackBANK0  0000
__HcstackCOMMON          cstackCOMMON 0000
__Heeprom_data           eeprom_data  0000
__Hend_init              end_init     0001
__Hfunctab               functab      0000
__Hidloc                 idloc        0000
__Hinit                  init         0000
__Hintentry              intentry     0000
__Hmaintext              maintext     0000
__Hpowerup               powerup      0000
__Hram                   ram          0000
__Hreset_vec             reset_vec    0000
__Hsfr0                  sfr0         0000
__Hsfr1                  sfr1         0000
__Hstrings               strings      0000
__Htext                  text         0000
__Labs1                  abs1         0000
__Lbank0                 bank0        0000
__Lbank1                 bank1        0000
__Lcinit                 cinit        07FE
__Lclrtext               clrtext      0000
__Lcode                  code         0000
__Lcommon                common       0000
__Lconfig                config       2007
__LcstackBANK0           cstackBANK0  0000
__LcstackCOMMON          cstackCOMMON 0000
__Leeprom_data           eeprom_data  0000
__Lend_init              end_init     0000
__Lfunctab               functab      0000
__Lidloc                 idloc        0000
__Linit                  init         0000
__Lintentry              intentry     0000
__Lmaintext              maintext     0000
__Lpowerup               powerup      0000
__Lram                   ram          0000
__Lreset_vec             reset_vec    0000
__Lsfr0                  sfr0         0000
__Lsfr1                  sfr1         0000
__Lstrings               strings      0000
__Ltext                  text         0000
__S0                     (abs)        2008
__S1                     (abs)        007C
__S3                     (abs)        0000
___awdiv                 text1        0729
___awdiv@counter         cstackCOMMON 0075
___awdiv@dividend        cstackCOMMON 0072
___awdiv@divisor         cstackCOMMON 0070
___awdiv@quotient        cstackCOMMON 0077
___awdiv@sign            cstackCOMMON 0076
___latbits               (abs)        0000
__end_of_Read_ad1        text5        06DB
__end_of___awdiv         text1        0784
__end_of__initialization cinit        07FE
__end_of_delay           text6        0729
__end_of_init            text4        06E5
__end_of_init_ad         text2        070B
__end_of_init_pwm        text3        06F7
__end_of_main            maintext     07FE
__initialization         cinit        07FE
__pcstackBANK0           cstackBANK0  0020
__pcstackCOMMON          cstackCOMMON 0070
__pmaintext              maintext     0784
__ptext0                 text0        0000
__ptext1                 text1        0729
__ptext2                 text2        06F7
__ptext3                 text3        06E5
__ptext4                 text4        06DB
__ptext5                 text5        06D1
__ptext6                 text6        070B
__size_of_Read_ad1       (abs)        0000
__size_of___awdiv        (abs)        0000
__size_of_delay          (abs)        0000
__size_of_init           (abs)        0000
__size_of_init_ad        (abs)        0000
__size_of_init_pwm       (abs)        0000
__size_of_main           (abs)        0000
_delay                   text6        070B
_init                    text4        06DB
_init_ad                 text2        06F7
_init_pwm                text3        06E5
_main                    maintext     0784
btemp                    (abs)        007E
delay@N                  cstackCOMMON 0070
delay@i                  cstackCOMMON 0072
end_of_initialization    cinit        07FE
intlevel0                functab      0000
intlevel1                functab      0000
intlevel2                functab      0000
intlevel3                functab      0000
intlevel4                functab      0000
intlevel5                functab      0000
main@i                   cstackBANK0  0022
main@j                   cstackBANK0  0021
main@n                   cstackBANK0  0020
reset_vec                reset_vec    0000
start                    init         0000
start_initialization     cinit        07FE
wtemp0                   (abs)        007E


FUNCTION INFORMATION:

 *************** function _main *****************
 Defined at:
		line 67 in file "Slave.c"
 Parameters:    Size  Location     Type
		None
 Auto vars:     Size  Location     Type
  i               1    2[BANK0 ] unsigned char 
  j               1    1[BANK0 ] unsigned char 
  n               1    0[BANK0 ] unsigned char 
 Return value:  Size  Location     Type
		None               void
 Registers used:
		wreg, fsr0l, fsr0h, status,2, status,0, pclath, cstack
 Tracked objects:
		On entry : 
		On exit  : 
		Unchanged: 
 Data sizes:     COMMON   BANK0   BANK1
      Params:         0       0       0
      Locals:         0       3       0
      Temps:          3       0       0
      Totals:         3       3       0
Total ram usage:        6 bytes
 Hardware stack levels required when called:    1
 This function calls:
		_delay
		_Read_ad1
		_init
		_init_pwm
		_init_ad
		___awdiv
 This function is called by:
		Startup code after reset
 This function uses a non-reentrant model


 *************** function ___awdiv *****************
 Defined at:
		line 5 in file "D:\Program Files\Microchip\xc8\v1.21\sources\pic\awdiv.c"
 Parameters:    Size  Location     Type
  divisor         2    0[COMMON] int 
  dividend        2    2[COMMON] int 
 Auto vars:     Size  Location     Type
  quotient        2    7[COMMON] int 
  sign            1    6[COMMON] unsigned char 
  counter         1    5[COMMON] unsigned char 
 Return value:  Size  Location     Type
                  2    0[COMMON] int 
 Registers used:
		wreg, status,2, status,0
 Tracked objects:
		On entry : 
		On exit  : 
		Unchanged: 
 Data sizes:     COMMON   BANK0   BANK1
      Params:         4       0       0
      Locals:         4       0       0
      Temps:          1       0       0
      Totals:         9       0       0
Total ram usage:        9 bytes
 Hardware stack levels used:    1
 This function calls:
		Nothing
 This function is called by:
		_main
 This function uses a non-reentrant model


 *************** function _init_ad *****************
 Defined at:
		line 151 in file "Slave.c"
 Parameters:    Size  Location     Type
		None
 Auto vars:     Size  Location     Type
		None
 Return value:  Size  Location     Type
		None               void
 Registers used:
		wreg, status,2, status,0
 Tracked objects:
		On entry : 
		On exit  : 
		Unchanged: 
 Data sizes:     COMMON   BANK0   BANK1
      Params:         0       0       0
      Locals:         0       0       0
      Temps:          1       0       0
      Totals:         1       0       0
Total ram usage:        1 bytes
 Hardware stack levels used:    1
 This function calls:
		Nothing
 This function is called by:
		_main
 This function uses a non-reentrant model


 *************** function _init_pwm *****************
 Defined at:
		line 134 in file "Slave.c"
 Parameters:    Size  Location     Type
		None
 Auto vars:     Size  Location     Type
		None
 Return value:  Size  Location     Type
		None               void
 Registers used:
		wreg, status,2, status,0
 Tracked objects:
		On entry : 
		On exit  : 
		Unchanged: 
 Data sizes:     COMMON   BANK0   BANK1
      Params:         0       0       0
      Locals:         0       0       0
      Temps:          0       0       0
      Totals:         0       0       0
Total ram usage:        0 bytes
 Hardware stack levels used:    1
 This function calls:
		Nothing
 This function is called by:
		_main
 This function uses a non-reentrant model


 *************** function _init *****************
 Defined at:
		line 117 in file "Slave.c"
 Parameters:    Size  Location     Type
		None
 Auto vars:     Size  Location     Type
		None
 Return value:  Size  Location     Type
		None               void
 Registers used:
		wreg, status,2, status,0
 Tracked objects:
		On entry : 
		On exit  : 
		Unchanged: 
 Data sizes:     COMMON   BANK0   BANK1
      Params:         0       0       0
      Locals:         0       0       0
      Temps:          0       0       0
      Totals:         0       0       0
Total ram usage:        0 bytes
 Hardware stack levels used:    1
 This function calls:
		Nothing
 This function is called by:
		_main
 This function uses a non-reentrant model


 *************** function _Read_ad1 *****************
 Defined at:
		line 56 in file "Slave.c"
 Parameters:    Size  Location     Type
		None
 Auto vars:     Size  Location     Type
  buf             1    1[COMMON] unsigned char 
 Return value:  Size  Location     Type
                  1    wreg      unsigned char 
 Registers used:
		wreg
 Tracked objects:
		On entry : 
		On exit  : 
		Unchanged: 
 Data sizes:     COMMON   BANK0   BANK1
      Params:         0       0       0
      Locals:         1       0       0
      Temps:          1       0       0
      Totals:         2       0       0
Total ram usage:        2 bytes
 Hardware stack levels used:    1
 This function calls:
		Nothing
 This function is called by:
		_main
 This function uses a non-reentrant model


 *************** function _delay *****************
 Defined at:
		line 36 in file "Slave.c"
 Parameters:    Size  Location     Type
  N               2    0[COMMON] unsigned int 
 Auto vars:     Size  Location     Type
  i               2    2[COMMON] unsigned int 
 Return value:  Size  Location     Type
		None               void
 Registers used:
		wreg, status,2
 Tracked objects:
		On entry : 
		On exit  : 
		Unchanged: 
 Data sizes:     COMMON   BANK0   BANK1
      Params:         2       0       0
      Locals:         2       0       0
      Temps:          0       0       0
      Totals:         4       0       0
Total ram usage:        4 bytes
 Hardware stack levels used:    1
 This function calls:
		Nothing
 This function is called by:
		_main
 This function uses a non-reentrant model



MODULE INFORMATION

Module		Function		Class		Link	Load	Size
D:\Program Files\Microchip\xc8\v1.21\sources\pic\awdiv.c
		___awdiv       		CODE           	0729	0000	91

D:\Program Files\Microchip\xc8\v1.21\sources\pic\awdiv.c estimated size: 91

shared
		__initializatio		CODE           	07FE	0000	0

shared estimated size: 0

Slave.c
		_init          		CODE           	06DB	0000	10
		_delay         		CODE           	070B	0000	30
		_main          		CODE           	0784	0000	122
		_Read_ad1      		CODE           	06D1	0000	10
		_init_ad       		CODE           	06F7	0000	20
		_init_pwm      		CODE           	06E5	0000	18

Slave.c estimated size: 210

