Microchip MPLAB XC8 Compiler V1.21 ()

Linker command line:

--edf=D:\Program Files\Microchip\xc8\v1.21\dat\en_msgs.txt -cs \
  -h+dist/default/production\Punte_H.X.production.sym \
  --cmf=dist/default/production\Punte_H.X.production.cmf -z -Q16F684 \
  -oC:\DOCUME~1\Mirela\LOCALS~1\Temp\s15s.6 \
  -Mdist/default/production/Punte_H.X.production.map -E1 -ver=XC8 \
  -ACONST=00h-0FFhx8 -ACODE=00h-07FFh -ASTRCODE=00h-07FFh \
  -AENTRY=00h-0FFhx8 -ASTRING=00h-0FFhx8 -ACOMMON=070h-07Fh \
  -ABANK0=020h-06Fh -ABANK1=0A0h-0BFh -ARAM=020h-06Fh,0A0h-0BFh \
  -AABS1=020h-07Fh,0A0h-0BFh -ASFR0=00h-01Fh -ASFR1=080h-09Fh \
  -preset_vec=00h,intentry,init,end_init -ppowerup=CODE -pcinit=CODE \
  -pfunctab=CODE -ACONFIG=02007h-02007h -pconfig=CONFIG -DCONFIG=2 \
  -AIDLOC=02000h-02003h -pidloc=IDLOC -DIDLOC=2 -AEEDATA=00h-0FFh/02100h \
  -peeprom_data=EEDATA -DEEDATA=2 -DCODE=2 -DSTRCODE=2 -DSTRING=2 -DCONST=2 \
  -DENTRY=2 -k C:\DOCUME~1\Mirela\LOCALS~1\Temp\s15s.obj \
  dist/default/production\Punte_H.X.production.obj 

Object code version is 3.11

Machine type is 16F684



                Name                               Link     Load   Length Selector   Space Scale
C:\DOCUME~1\Mirela\LOCALS~1\Temp\s15s.obj
                end_init                              0        0        1        0       0
                config                             2007     2007        1     400E       0
dist/default/production\Punte_H.X.production.obj
                cinit                               7FE      7FE        2      FFC       0
                text3                               7B5      7B5        4      F6A       0
                text2                               7C8      7C8       19      F90       0
                text1                               7E1      7E1       1D      FC2       0
                maintext                            7B9      7B9        F      F72       0
                cstackCOMMON                         70       70        3       70       1

TOTAL           Name                               Link     Load   Length     Space
        CLASS   CONST          

        CLASS   CODE           
                end_init                              0        0        1         0
                cinit                               7FE      7FE        2         0
                text3                               7B5      7B5        4         0
                text2                               7C8      7C8       19         0
                text1                               7E1      7E1       1D         0
                maintext                            7B9      7B9        F         0

        CLASS   STRCODE        

        CLASS   ENTRY          

        CLASS   STRING         

        CLASS   COMMON         
                cstackCOMMON                         70       70        3         1

        CLASS   BANK0          

        CLASS   BANK1          

        CLASS   RAM            

        CLASS   ABS1           
                abs_s1                               7E       7E        2         1

        CLASS   SFR0           

        CLASS   SFR1           

        CLASS   CONFIG         
                config                             2007     2007        1         0

        CLASS   IDLOC          

        CLASS   EEDATA         



SEGMENTS        Name                           Load    Length   Top    Selector   Space  Class     Delta

                reset_vec                      000000  000001  000001         0       0  CODE        2
                cstackCOMMON                   000070  000003  000073        70       1  COMMON      1
                text3                          0007B5  000004  0007B9       F6A       0  CODE        2
                maintext                       0007B9  00000F  0007C8       F72       0  CODE        2
                text2                          0007C8  000019  0007E1       F90       0  CODE        2
                text1                          0007E1  00001D  0007FE       FC2       0  CODE        2
                cinit                          0007FE  000002  000800       FFC       0  CODE        2
                config                         002007  000001  002008      400E       0  CONFIG      2


UNUSED ADDRESS RANGES

        Name                Unused          Largest block    Delta
        BANK0            0020-006F             50           1
        BANK1            00A0-00BF             20           1
        CODE             0001-07B4            7B4           2
        COMMON           0073-007D              B           1
        CONST            0001-07B4            100           2
        EEDATA           2100-21FF            100           2
        ENTRY            0001-07B4            100           2
        IDLOC            2000-2003              4           2
        RAM              0020-006F             50           1
                         00A0-00BF             20
        SFR0             0000-001F             20           1
        SFR1             0080-009F             20           1
        STRCODE          0001-07B4            7B4           2
        STRING           0001-07B4            100           2

                                  Symbol Table

_ADCON0bits              (abs)        001F
_ADCON1bits              (abs)        009F
_ADRESH                  (abs)        001E
_ANSELbits               (abs)        0091
_CCP1CONbits             (abs)        0015
_CCPR1L                  (abs)        0013
_OSCCON                  (abs)        008F
_PIR1bits                (abs)        000C
_PR2                     (abs)        0092
_PWM1CONbits             (abs)        0016
_T2CONbits               (abs)        0012
_TRISCbits               (abs)        0087
__CFG_BOREN$OFF          (abs)        0000
__CFG_CP$OFF             (abs)        0000
__CFG_CPD$OFF            (abs)        0000
__CFG_FCMEN$OFF          (abs)        0000
__CFG_FOSC$INTOSCIO      (abs)        0000
__CFG_IESO$OFF           (abs)        0000
__CFG_MCLRE$OFF          (abs)        0000
__CFG_PWRTE$OFF          (abs)        0000
__CFG_WDTE$OFF           (abs)        0000
__Habs1                  abs1         0000
__Hbank0                 bank0        0000
__Hbank1                 bank1        0000
__Hcinit                 cinit        0800
__Hclrtext               clrtext      0000
__Hcode                  code         0000
__Hcommon                common       0000
__Hconfig                config       2008
__HcstackCOMMON          cstackCOMMON 0000
__Heeprom_data           eeprom_data  0000
__Hend_init              end_init     0001
__Hfunctab               functab      0000
__Hidloc                 idloc        0000
__Hinit                  init         0000
__Hintentry              intentry     0000
__Hmaintext              maintext     0000
__Hpowerup               powerup      0000
__Hram                   ram          0000
__Hreset_vec             reset_vec    0000
__Hsfr0                  sfr0         0000
__Hsfr1                  sfr1         0000
__Hstrings               strings      0000
__Htext                  text         0000
__Labs1                  abs1         0000
__Lbank0                 bank0        0000
__Lbank1                 bank1        0000
__Lcinit                 cinit        07FE
__Lclrtext               clrtext      0000
__Lcode                  code         0000
__Lcommon                common       0000
__Lconfig                config       2007
__LcstackCOMMON          cstackCOMMON 0000
__Leeprom_data           eeprom_data  0000
__Lend_init              end_init     0000
__Lfunctab               functab      0000
__Lidloc                 idloc        0000
__Linit                  init         0000
__Lintentry              intentry     0000
__Lmaintext              maintext     0000
__Lpowerup               powerup      0000
__Lram                   ram          0000
__Lreset_vec             reset_vec    0000
__Lsfr0                  sfr0         0000
__Lsfr1                  sfr1         0000
__Lstrings               strings      0000
__Ltext                  text         0000
__S0                     (abs)        2008
__S1                     (abs)        0073
__S3                     (abs)        0000
___latbits               (abs)        0000
__end_of__initialization cinit        07FE
__end_of_init            text3        07B9
__end_of_init_adc        text2        07E1
__end_of_init_eccp       text1        07FE
__end_of_main            maintext     07C8
__initialization         cinit        07FE
__pcstackCOMMON          cstackCOMMON 0070
__pmaintext              maintext     07B9
__ptext0                 text0        0000
__ptext1                 text1        07E1
__ptext2                 text2        07C8
__ptext3                 text3        07B5
__size_of_init           (abs)        0000
__size_of_init_adc       (abs)        0000
__size_of_init_eccp      (abs)        0000
__size_of_main           (abs)        0000
_init                    text3        07B5
_init_adc                text2        07C8
_init_eccp               text1        07E1
_main                    maintext     07B9
btemp                    (abs)        007E
end_of_initialization    cinit        07FE
intlevel0                functab      0000
intlevel1                functab      0000
intlevel2                functab      0000
intlevel3                functab      0000
intlevel4                functab      0000
intlevel5                functab      0000
main@x                   cstackCOMMON 0072
reset_vec                reset_vec    0000
start                    init         0000
start_initialization     cinit        07FE
wtemp0                   (abs)        007E


FUNCTION INFORMATION:

 *************** function _main *****************
 Defined at:
		line 29 in file "punte_h.c"
 Parameters:    Size  Location     Type
		None
 Auto vars:     Size  Location     Type
  x               1    2[COMMON] unsigned char 
 Return value:  Size  Location     Type
		None               void
 Registers used:
		wreg, status,2, status,0, pclath, cstack
 Tracked objects:
		On entry : 
		On exit  : 
		Unchanged: 
 Data sizes:     COMMON   BANK0   BANK1
      Params:         0       0       0
      Locals:         1       0       0
      Temps:          1       0       0
      Totals:         2       0       0
Total ram usage:        2 bytes
 Hardware stack levels required when called:    1
 This function calls:
		_init
		_init_adc
		_init_eccp
 This function is called by:
		Startup code after reset
 This function uses a non-reentrant model


 *************** function _init_eccp *****************
 Defined at:
		line 73 in file "punte_h.c"
 Parameters:    Size  Location     Type
		None
 Auto vars:     Size  Location     Type
		None
 Return value:  Size  Location     Type
		None               void
 Registers used:
		wreg, status,2, status,0
 Tracked objects:
		On entry : 
		On exit  : 
		Unchanged: 
 Data sizes:     COMMON   BANK0   BANK1
      Params:         0       0       0
      Locals:         0       0       0
      Temps:          0       0       0
      Totals:         0       0       0
Total ram usage:        0 bytes
 Hardware stack levels used:    1
 This function calls:
		Nothing
 This function is called by:
		_main
 This function uses a non-reentrant model


 *************** function _init_adc *****************
 Defined at:
		line 60 in file "punte_h.c"
 Parameters:    Size  Location     Type
		None
 Auto vars:     Size  Location     Type
		None
 Return value:  Size  Location     Type
		None               void
 Registers used:
		wreg, status,2, status,0
 Tracked objects:
		On entry : 
		On exit  : 
		Unchanged: 
 Data sizes:     COMMON   BANK0   BANK1
      Params:         0       0       0
      Locals:         0       0       0
      Temps:          1       0       0
      Totals:         1       0       0
Total ram usage:        1 bytes
 Hardware stack levels used:    1
 This function calls:
		Nothing
 This function is called by:
		_main
 This function uses a non-reentrant model


 *************** function _init *****************
 Defined at:
		line 49 in file "punte_h.c"
 Parameters:    Size  Location     Type
		None
 Auto vars:     Size  Location     Type
		None
 Return value:  Size  Location     Type
		None               void
 Registers used:
		wreg
 Tracked objects:
		On entry : 
		On exit  : 
		Unchanged: 
 Data sizes:     COMMON   BANK0   BANK1
      Params:         0       0       0
      Locals:         0       0       0
      Temps:          0       0       0
      Totals:         0       0       0
Total ram usage:        0 bytes
 Hardware stack levels used:    1
 This function calls:
		Nothing
 This function is called by:
		_main
 This function uses a non-reentrant model



MODULE INFORMATION

Module		Function		Class		Link	Load	Size
shared
		__initializatio		CODE           	07FE	0000	0

shared estimated size: 0

punte_h.c
		_init          		CODE           	07B5	0000	4
		_init_eccp     		CODE           	07E1	0000	29
		_main          		CODE           	07B9	0000	15
		_init_adc      		CODE           	07C8	0000	25

punte_h.c estimated size: 73

